// Jest Snapshot v1, https://goo.gl/fbAQLP

exports[`::AuctionsPage renders correctly 1`] = `
<div>
  <div
    class="w-full h-auto min-h-full overflow-x-hidden m-auto ml-0 z-10 transition transform duration-200"
    id="AuctionPage"
  >
    <div
      class="md:flex md:flex-row relative pt-6 px-6 pb-6"
    >
      <div
        class="w-full sm:1/3 md:w-1/4 md:ml-4 mx-auto p-0 md:p-5 max-w-filter"
      >
        <div>
          <h3
            class="text-neutral font-bold text-xl mb-4"
          >
            Filters
          </h3>
          <div />
          <div
            class="mb-6"
          >
            <div
              class="w-full inline-block m-0"
            >
              <div
                class="text-neutral font-normal text-sm mb-2"
              >
                Schema
              </div>
              <div
                class="Dropdown-root w-full rounded-lg border border-solid border-paper"
              >
                <div
                  aria-haspopup="listbox"
                  class="Dropdown-control"
                >
                  <div
                    class="Dropdown-placeholder"
                  >
                    -
                  </div>
                  <div
                    class="Dropdown-arrow-wrapper"
                  >
                    <span
                      class="Dropdown-arrow"
                    />
                  </div>
                </div>
              </div>
            </div>
          </div>
          <div
            class="mb-6"
          >
            <div
              class="w-full inline-block m-0"
            >
              <div
                class="text-neutral font-normal text-sm mb-2"
              >
                Name
              </div>
              <div
                class="Dropdown-root w-full rounded-lg border border-solid border-paper"
              >
                <div
                  aria-haspopup="listbox"
                  class="Dropdown-control"
                >
                  <div
                    class="Dropdown-placeholder"
                  >
                    -
                  </div>
                  <div
                    class="Dropdown-arrow-wrapper"
                  >
                    <span
                      class="Dropdown-arrow"
                    />
                  </div>
                </div>
              </div>
            </div>
          </div>
          <div
            class="mb-6"
          >
            <div
              class="w-full inline-block m-0"
            >
              <div
                class="text-neutral font-normal text-sm mb-2"
              >
                Rarity
              </div>
              <div
                class="Dropdown-root w-full rounded-lg border border-solid border-paper"
              >
                <div
                  aria-haspopup="listbox"
                  class="Dropdown-control"
                >
                  <div
                    class="Dropdown-placeholder"
                  >
                    -
                  </div>
                  <div
                    class="Dropdown-arrow-wrapper"
                  >
                    <span
                      class="Dropdown-arrow"
                    />
                  </div>
                </div>
              </div>
            </div>
          </div>
          <div
            class="mb-6"
          >
            <div
              class="w-full inline-block m-0"
            >
              <div
                class="text-neutral font-normal text-sm mb-2"
              >
                Variant
              </div>
              <div
                class="Dropdown-root w-full rounded-lg border border-solid border-paper"
              >
                <div
                  aria-haspopup="listbox"
                  class="Dropdown-control"
                >
                  <div
                    class="Dropdown-placeholder"
                  >
                    -
                  </div>
                  <div
                    class="Dropdown-arrow-wrapper"
                  >
                    <span
                      class="Dropdown-arrow"
                    />
                  </div>
                </div>
              </div>
            </div>
          </div>
          <div
            class="mb-6"
          >
            <div
              class="w-full inline-block m-0"
            >
              <div
                class="text-neutral font-normal text-sm mb-2"
              >
                Sort By
              </div>
              <div
                class="Dropdown-root w-full rounded-lg border border-solid border-paper"
              >
                <div
                  aria-haspopup="listbox"
                  class="Dropdown-control"
                >
                  <div
                    class="Dropdown-placeholder is-selected"
                  >
                    Ending (Soonest)
                  </div>
                  <div
                    class="Dropdown-arrow-wrapper"
                  >
                    <span
                      class="Dropdown-arrow"
                    />
                  </div>
                </div>
              </div>
            </div>
          </div>
        </div>
      </div>
      <div
        class="w-full sm:2/3 md:w-3/4"
      >
        <div
          class="flex justify-evenly cursor-pointer w-1/3 h-4 mr-4 mb-3 ml-auto pb-16 text-base text-neutral font-light"
        />
        <div
          class="relative w-full mb-24 grid grid-cols-1 md:grid-cols-2 lg:grid-cols-3 xl:grid-cols-4 gap-4"
        />
        <div
          class="flex justify-evenly cursor-pointer w-1/3 h-4 mr-4 mb-3 ml-auto pb-16 text-base text-neutral font-light"
        />
      </div>
    </div>
    
  </div>
</div>
`;

exports[`::AuctionsPage renders correctly 2`] = `
<div>
  <div
    class="w-full h-auto min-h-full overflow-x-hidden m-auto ml-0 z-10 transition transform duration-200"
    id="AuctionPage"
  >
    <div
      class="md:flex md:flex-row relative pt-6 px-6 pb-6"
    >
      <div
        class="w-full sm:1/3 md:w-1/4 md:ml-4 mx-auto p-0 md:p-5 max-w-filter"
      >
        <div>
          <h3
            class="text-neutral font-bold text-xl mb-4"
          >
            Filters
          </h3>
          <div />
          <div
            class="mb-6"
          >
            <div
              class="w-full inline-block m-0"
            >
              <div
                class="text-neutral font-normal text-sm mb-2"
              >
                Schema
              </div>
              <div
                class="Dropdown-root w-full rounded-lg border border-solid border-paper"
              >
                <div
                  aria-haspopup="listbox"
                  class="Dropdown-control"
                >
                  <div
                    class="Dropdown-placeholder"
                  >
                    -
                  </div>
                  <div
                    class="Dropdown-arrow-wrapper"
                  >
                    <span
                      class="Dropdown-arrow"
                    />
                  </div>
                </div>
              </div>
            </div>
          </div>
          <div
            class="mb-6"
          >
            <div
              class="w-full inline-block m-0"
            >
              <div
                class="text-neutral font-normal text-sm mb-2"
              >
                Name
              </div>
              <div
                class="Dropdown-root w-full rounded-lg border border-solid border-paper"
              >
                <div
                  aria-haspopup="listbox"
                  class="Dropdown-control"
                >
                  <div
                    class="Dropdown-placeholder"
                  >
                    -
                  </div>
                  <div
                    class="Dropdown-arrow-wrapper"
                  >
                    <span
                      class="Dropdown-arrow"
                    />
                  </div>
                </div>
              </div>
            </div>
          </div>
          <div
            class="mb-6"
          >
            <div
              class="w-full inline-block m-0"
            >
              <div
                class="text-neutral font-normal text-sm mb-2"
              >
                Rarity
              </div>
              <div
                class="Dropdown-root w-full rounded-lg border border-solid border-paper"
              >
                <div
                  aria-haspopup="listbox"
                  class="Dropdown-control"
                >
                  <div
                    class="Dropdown-placeholder"
                  >
                    -
                  </div>
                  <div
                    class="Dropdown-arrow-wrapper"
                  >
                    <span
                      class="Dropdown-arrow"
                    />
                  </div>
                </div>
              </div>
            </div>
          </div>
          <div
            class="mb-6"
          >
            <div
              class="w-full inline-block m-0"
            >
              <div
                class="text-neutral font-normal text-sm mb-2"
              >
                Variant
              </div>
              <div
                class="Dropdown-root w-full rounded-lg border border-solid border-paper"
              >
                <div
                  aria-haspopup="listbox"
                  class="Dropdown-control"
                >
                  <div
                    class="Dropdown-placeholder"
                  >
                    -
                  </div>
                  <div
                    class="Dropdown-arrow-wrapper"
                  >
                    <span
                      class="Dropdown-arrow"
                    />
                  </div>
                </div>
              </div>
            </div>
          </div>
          <div
            class="mb-6"
          >
            <div
              class="w-full inline-block m-0"
            >
              <div
                class="text-neutral font-normal text-sm mb-2"
              >
                Sort By
              </div>
              <div
                class="Dropdown-root w-full rounded-lg border border-solid border-paper"
              >
                <div
                  aria-haspopup="listbox"
                  class="Dropdown-control"
                >
                  <div
                    class="Dropdown-placeholder is-selected"
                  >
                    Ending (Soonest)
                  </div>
                  <div
                    class="Dropdown-arrow-wrapper"
                  >
                    <span
                      class="Dropdown-arrow"
                    />
                  </div>
                </div>
              </div>
            </div>
          </div>
        </div>
      </div>
      <div
        class="w-full sm:2/3 md:w-3/4"
      >
        <div
          class="flex justify-evenly cursor-pointer w-1/3 h-4 mr-4 mb-3 ml-auto pb-16 text-base text-neutral font-light"
        />
        <div
          class="flex justify-center m-auto"
        >
          <img
            alt="Loading"
            class="w-8 h-8 m-auto animate-spin duration-1000"
            data-testid="loading-spinner"
            src="/Loader.svg"
          />
        </div>
        
      </div>
    </div>
    
  </div>
</div>
`;

exports[`::AuctionsPage renders correctly 3`] = `
<div>
  <div
    class="w-full h-auto min-h-full overflow-x-hidden m-auto ml-0 z-10 transition transform duration-200"
    id="AuctionPage"
  >
    <div
      class="md:flex md:flex-row relative pt-6 px-6 pb-6"
    >
      <div
        class="w-full sm:1/3 md:w-1/4 md:ml-4 mx-auto p-0 md:p-5 max-w-filter"
      >
        <div>
          <h3
            class="text-neutral font-bold text-xl mb-4"
          >
            Filters
          </h3>
          <div />
          <div
            class="mb-6"
          >
            <div
              class="w-full inline-block m-0"
            >
              <div
                class="text-neutral font-normal text-sm mb-2"
              >
                Schema
              </div>
              <div
                class="Dropdown-root w-full rounded-lg border border-solid border-paper"
              >
                <div
                  aria-haspopup="listbox"
                  class="Dropdown-control"
                >
                  <div
                    class="Dropdown-placeholder"
                  >
                    -
                  </div>
                  <div
                    class="Dropdown-arrow-wrapper"
                  >
                    <span
                      class="Dropdown-arrow"
                    />
                  </div>
                </div>
              </div>
            </div>
          </div>
          <div
            class="mb-6"
          >
            <div
              class="w-full inline-block m-0"
            >
              <div
                class="text-neutral font-normal text-sm mb-2"
              >
                Name
              </div>
              <div
                class="Dropdown-root w-full rounded-lg border border-solid border-paper"
              >
                <div
                  aria-haspopup="listbox"
                  class="Dropdown-control"
                >
                  <div
                    class="Dropdown-placeholder"
                  >
                    -
                  </div>
                  <div
                    class="Dropdown-arrow-wrapper"
                  >
                    <span
                      class="Dropdown-arrow"
                    />
                  </div>
                </div>
              </div>
            </div>
          </div>
          <div
            class="mb-6"
          >
            <div
              class="w-full inline-block m-0"
            >
              <div
                class="text-neutral font-normal text-sm mb-2"
              >
                Rarity
              </div>
              <div
                class="Dropdown-root w-full rounded-lg border border-solid border-paper"
              >
                <div
                  aria-haspopup="listbox"
                  class="Dropdown-control"
                >
                  <div
                    class="Dropdown-placeholder"
                  >
                    -
                  </div>
                  <div
                    class="Dropdown-arrow-wrapper"
                  >
                    <span
                      class="Dropdown-arrow"
                    />
                  </div>
                </div>
              </div>
            </div>
          </div>
          <div
            class="mb-6"
          >
            <div
              class="w-full inline-block m-0"
            >
              <div
                class="text-neutral font-normal text-sm mb-2"
              >
                Variant
              </div>
              <div
                class="Dropdown-root w-full rounded-lg border border-solid border-paper"
              >
                <div
                  aria-haspopup="listbox"
                  class="Dropdown-control"
                >
                  <div
                    class="Dropdown-placeholder"
                  >
                    -
                  </div>
                  <div
                    class="Dropdown-arrow-wrapper"
                  >
                    <span
                      class="Dropdown-arrow"
                    />
                  </div>
                </div>
              </div>
            </div>
          </div>
          <div
            class="mb-6"
          >
            <div
              class="w-full inline-block m-0"
            >
              <div
                class="text-neutral font-normal text-sm mb-2"
              >
                Sort By
              </div>
              <div
                class="Dropdown-root w-full rounded-lg border border-solid border-paper"
              >
                <div
                  aria-haspopup="listbox"
                  class="Dropdown-control"
                >
                  <div
                    class="Dropdown-placeholder is-selected"
                  >
                    Ending (Soonest)
                  </div>
                  <div
                    class="Dropdown-arrow-wrapper"
                  >
                    <span
                      class="Dropdown-arrow"
                    />
                  </div>
                </div>
              </div>
            </div>
          </div>
        </div>
      </div>
      <div
        class="w-full sm:2/3 md:w-3/4"
      >
        <div
          class="flex justify-evenly cursor-pointer w-1/3 h-4 mr-4 mb-3 ml-auto pb-16 text-base text-neutral font-light"
        />
        <div
          class="relative w-full mb-24 grid grid-cols-1 md:grid-cols-2 lg:grid-cols-3 xl:grid-cols-4 gap-4"
        />
        <div
          class="flex justify-evenly cursor-pointer w-1/3 h-4 mr-4 mb-3 ml-auto pb-16 text-base text-neutral font-light"
        />
      </div>
    </div>
    
  </div>
</div>
`;

exports[`::AuctionsPage renders correctly 4`] = `
<div>
  <div
    class="w-full h-auto min-h-full overflow-x-hidden m-auto ml-0 z-10 transition transform duration-200"
    id="AuctionPage"
  >
    <div
      class="md:flex md:flex-row relative pt-6 px-6 pb-6"
    >
      <div
        class="w-full sm:1/3 md:w-1/4 md:ml-4 mx-auto p-0 md:p-5 max-w-filter"
      >
        <div>
          <h3
            class="text-neutral font-bold text-xl mb-4"
          >
            Filters
          </h3>
          <div />
          <div
            class="mb-6"
          >
            <div
              class="w-full inline-block m-0"
            >
              <div
                class="text-neutral font-normal text-sm mb-2"
              >
                Schema
              </div>
              <div
                class="Dropdown-root w-full rounded-lg border border-solid border-paper"
              >
                <div
                  aria-haspopup="listbox"
                  class="Dropdown-control"
                >
                  <div
                    class="Dropdown-placeholder"
                  >
                    -
                  </div>
                  <div
                    class="Dropdown-arrow-wrapper"
                  >
                    <span
                      class="Dropdown-arrow"
                    />
                  </div>
                </div>
              </div>
            </div>
          </div>
          <div
            class="mb-6"
          >
            <div
              class="w-full inline-block m-0"
            >
              <div
                class="text-neutral font-normal text-sm mb-2"
              >
                Name
              </div>
              <div
                class="Dropdown-root w-full rounded-lg border border-solid border-paper"
              >
                <div
                  aria-haspopup="listbox"
                  class="Dropdown-control"
                >
                  <div
                    class="Dropdown-placeholder"
                  >
                    -
                  </div>
                  <div
                    class="Dropdown-arrow-wrapper"
                  >
                    <span
                      class="Dropdown-arrow"
                    />
                  </div>
                </div>
              </div>
            </div>
          </div>
          <div
            class="mb-6"
          >
            <div
              class="w-full inline-block m-0"
            >
              <div
                class="text-neutral font-normal text-sm mb-2"
              >
                Rarity
              </div>
              <div
                class="Dropdown-root w-full rounded-lg border border-solid border-paper"
              >
                <div
                  aria-haspopup="listbox"
                  class="Dropdown-control"
                >
                  <div
                    class="Dropdown-placeholder"
                  >
                    -
                  </div>
                  <div
                    class="Dropdown-arrow-wrapper"
                  >
                    <span
                      class="Dropdown-arrow"
                    />
                  </div>
                </div>
              </div>
            </div>
          </div>
          <div
            class="mb-6"
          >
            <div
              class="w-full inline-block m-0"
            >
              <div
                class="text-neutral font-normal text-sm mb-2"
              >
                Variant
              </div>
              <div
                class="Dropdown-root w-full rounded-lg border border-solid border-paper"
              >
                <div
                  aria-haspopup="listbox"
                  class="Dropdown-control"
                >
                  <div
                    class="Dropdown-placeholder"
                  >
                    -
                  </div>
                  <div
                    class="Dropdown-arrow-wrapper"
                  >
                    <span
                      class="Dropdown-arrow"
                    />
                  </div>
                </div>
              </div>
            </div>
          </div>
          <div
            class="mb-6"
          >
            <div
              class="w-full inline-block m-0"
            >
              <div
                class="text-neutral font-normal text-sm mb-2"
              >
                Sort By
              </div>
              <div
                class="Dropdown-root w-full rounded-lg border border-solid border-paper"
              >
                <div
                  aria-haspopup="listbox"
                  class="Dropdown-control"
                >
                  <div
                    class="Dropdown-placeholder is-selected"
                  >
                    Ending (Soonest)
                  </div>
                  <div
                    class="Dropdown-arrow-wrapper"
                  >
                    <span
                      class="Dropdown-arrow"
                    />
                  </div>
                </div>
              </div>
            </div>
          </div>
        </div>
      </div>
      <div
        class="w-full sm:2/3 md:w-3/4"
      >
        <div
          class="flex justify-evenly cursor-pointer w-1/3 h-4 mr-4 mb-3 ml-auto pb-16 text-base text-neutral font-light"
        />
        <div
          class="relative w-full mb-24 grid grid-cols-1 md:grid-cols-2 lg:grid-cols-3 xl:grid-cols-4 gap-4"
        />
        <div
          class="flex justify-evenly cursor-pointer w-1/3 h-4 mr-4 mb-3 ml-auto pb-16 text-base text-neutral font-light"
        />
      </div>
    </div>
    
  </div>
</div>
`;

exports[`::AuctionsPage renders correctly 5`] = `
<div>
  <div
    class="w-full h-auto min-h-full overflow-x-hidden m-auto ml-0 z-10 transition transform duration-200"
    id="AuctionPage"
  >
    <div
      class="md:flex md:flex-row relative pt-6 px-6 pb-6"
    >
      <div
        class="w-full sm:1/3 md:w-1/4 md:ml-4 mx-auto p-0 md:p-5 max-w-filter"
      >
        <div>
          <h3
            class="text-neutral font-bold text-xl mb-4"
          >
            Filters
          </h3>
          <div />
          <div
            class="mb-6"
          >
            <div
              class="w-full inline-block m-0"
            >
              <div
                class="text-neutral font-normal text-sm mb-2"
              >
                Schema
              </div>
              <div
                class="Dropdown-root w-full rounded-lg border border-solid border-paper"
              >
                <div
                  aria-haspopup="listbox"
                  class="Dropdown-control"
                >
                  <div
                    class="Dropdown-placeholder"
                  >
                    -
                  </div>
                  <div
                    class="Dropdown-arrow-wrapper"
                  >
                    <span
                      class="Dropdown-arrow"
                    />
                  </div>
                </div>
              </div>
            </div>
          </div>
          <div
            class="mb-6"
          >
            <div
              class="w-full inline-block m-0"
            >
              <div
                class="text-neutral font-normal text-sm mb-2"
              >
                Name
              </div>
              <div
                class="Dropdown-root w-full rounded-lg border border-solid border-paper"
              >
                <div
                  aria-haspopup="listbox"
                  class="Dropdown-control"
                >
                  <div
                    class="Dropdown-placeholder"
                  >
                    -
                  </div>
                  <div
                    class="Dropdown-arrow-wrapper"
                  >
                    <span
                      class="Dropdown-arrow"
                    />
                  </div>
                </div>
              </div>
            </div>
          </div>
          <div
            class="mb-6"
          >
            <div
              class="w-full inline-block m-0"
            >
              <div
                class="text-neutral font-normal text-sm mb-2"
              >
                Rarity
              </div>
              <div
                class="Dropdown-root w-full rounded-lg border border-solid border-paper"
              >
                <div
                  aria-haspopup="listbox"
                  class="Dropdown-control"
                >
                  <div
                    class="Dropdown-placeholder"
                  >
                    -
                  </div>
                  <div
                    class="Dropdown-arrow-wrapper"
                  >
                    <span
                      class="Dropdown-arrow"
                    />
                  </div>
                </div>
              </div>
            </div>
          </div>
          <div
            class="mb-6"
          >
            <div
              class="w-full inline-block m-0"
            >
              <div
                class="text-neutral font-normal text-sm mb-2"
              >
                Variant
              </div>
              <div
                class="Dropdown-root w-full rounded-lg border border-solid border-paper"
              >
                <div
                  aria-haspopup="listbox"
                  class="Dropdown-control"
                >
                  <div
                    class="Dropdown-placeholder"
                  >
                    -
                  </div>
                  <div
                    class="Dropdown-arrow-wrapper"
                  >
                    <span
                      class="Dropdown-arrow"
                    />
                  </div>
                </div>
              </div>
            </div>
          </div>
          <div
            class="mb-6"
          >
            <div
              class="w-full inline-block m-0"
            >
              <div
                class="text-neutral font-normal text-sm mb-2"
              >
                Sort By
              </div>
              <div
                class="Dropdown-root w-full rounded-lg border border-solid border-paper"
              >
                <div
                  aria-haspopup="listbox"
                  class="Dropdown-control"
                >
                  <div
                    class="Dropdown-placeholder is-selected"
                  >
                    Ending (Soonest)
                  </div>
                  <div
                    class="Dropdown-arrow-wrapper"
                  >
                    <span
                      class="Dropdown-arrow"
                    />
                  </div>
                </div>
              </div>
            </div>
          </div>
        </div>
      </div>
      <div
        class="w-full sm:2/3 md:w-3/4"
      >
        <div
          class="flex justify-evenly cursor-pointer w-1/3 h-4 mr-4 mb-3 ml-auto pb-16 text-base text-neutral font-light"
        />
        <div
          class="relative w-full mb-24 grid grid-cols-1 md:grid-cols-2 lg:grid-cols-3 xl:grid-cols-4 gap-4"
        />
        <div
          class="flex justify-evenly cursor-pointer w-1/3 h-4 mr-4 mb-3 ml-auto pb-16 text-base text-neutral font-light"
        />
      </div>
    </div>
    
  </div>
</div>
`;

exports[`::AuctionsPage renders correctly 6`] = `
<div>
  <div
    class="w-full h-auto min-h-full overflow-x-hidden m-auto ml-0 z-10 transition transform duration-200"
    id="AuctionPage"
  >
    <div
      class="md:flex md:flex-row relative pt-6 px-6 pb-6"
    >
      <div
        class="w-full sm:1/3 md:w-1/4 md:ml-4 mx-auto p-0 md:p-5 max-w-filter"
      >
        <div>
          <h3
            class="text-neutral font-bold text-xl mb-4"
          >
            Filters
          </h3>
          <div />
          <div
            class="mb-6"
          >
            <div
              class="w-full inline-block m-0"
            >
              <div
                class="text-neutral font-normal text-sm mb-2"
              >
                Schema
              </div>
              <div
                class="Dropdown-root w-full rounded-lg border border-solid border-paper"
              >
                <div
                  aria-haspopup="listbox"
                  class="Dropdown-control"
                >
                  <div
                    class="Dropdown-placeholder"
                  >
                    -
                  </div>
                  <div
                    class="Dropdown-arrow-wrapper"
                  >
                    <span
                      class="Dropdown-arrow"
                    />
                  </div>
                </div>
              </div>
            </div>
          </div>
          <div
            class="mb-6"
          >
            <div
              class="w-full inline-block m-0"
            >
              <div
                class="text-neutral font-normal text-sm mb-2"
              >
                Name
              </div>
              <div
                class="Dropdown-root w-full rounded-lg border border-solid border-paper"
              >
                <div
                  aria-haspopup="listbox"
                  class="Dropdown-control"
                >
                  <div
                    class="Dropdown-placeholder"
                  >
                    -
                  </div>
                  <div
                    class="Dropdown-arrow-wrapper"
                  >
                    <span
                      class="Dropdown-arrow"
                    />
                  </div>
                </div>
              </div>
            </div>
          </div>
          <div
            class="mb-6"
          >
            <div
              class="w-full inline-block m-0"
            >
              <div
                class="text-neutral font-normal text-sm mb-2"
              >
                Rarity
              </div>
              <div
                class="Dropdown-root w-full rounded-lg border border-solid border-paper"
              >
                <div
                  aria-haspopup="listbox"
                  class="Dropdown-control"
                >
                  <div
                    class="Dropdown-placeholder"
                  >
                    -
                  </div>
                  <div
                    class="Dropdown-arrow-wrapper"
                  >
                    <span
                      class="Dropdown-arrow"
                    />
                  </div>
                </div>
              </div>
            </div>
          </div>
          <div
            class="mb-6"
          >
            <div
              class="w-full inline-block m-0"
            >
              <div
                class="text-neutral font-normal text-sm mb-2"
              >
                Variant
              </div>
              <div
                class="Dropdown-root w-full rounded-lg border border-solid border-paper"
              >
                <div
                  aria-haspopup="listbox"
                  class="Dropdown-control"
                >
                  <div
                    class="Dropdown-placeholder"
                  >
                    -
                  </div>
                  <div
                    class="Dropdown-arrow-wrapper"
                  >
                    <span
                      class="Dropdown-arrow"
                    />
                  </div>
                </div>
              </div>
            </div>
          </div>
          <div
            class="mb-6"
          >
            <div
              class="w-full inline-block m-0"
            >
              <div
                class="text-neutral font-normal text-sm mb-2"
              >
                Sort By
              </div>
              <div
                class="Dropdown-root w-full rounded-lg border border-solid border-paper"
              >
                <div
                  aria-haspopup="listbox"
                  class="Dropdown-control"
                >
                  <div
                    class="Dropdown-placeholder is-selected"
                  >
                    Ending (Soonest)
                  </div>
                  <div
                    class="Dropdown-arrow-wrapper"
                  >
                    <span
                      class="Dropdown-arrow"
                    />
                  </div>
                </div>
              </div>
            </div>
          </div>
        </div>
      </div>
      <div
        class="w-full sm:2/3 md:w-3/4"
      >
        <div
          class="flex justify-evenly cursor-pointer w-1/3 h-4 mr-4 mb-3 ml-auto pb-16 text-base text-neutral font-light"
        />
        <div
          class="relative w-full mb-24 grid grid-cols-1 md:grid-cols-2 lg:grid-cols-3 xl:grid-cols-4 gap-4"
        />
        <div
          class="flex justify-evenly cursor-pointer w-1/3 h-4 mr-4 mb-3 ml-auto pb-16 text-base text-neutral font-light"
        />
      </div>
    </div>
    
  </div>
</div>
`;
