// Jest Snapshot v1, https://goo.gl/fbAQLP

exports[`::TermsOfUsePage renders without crashing 1`] = `
<div>
  <div />
</div>
`;
